// Jest Snapshot v1, https://goo.gl/fbAQLP

exports[`<FiltersForm /> render 1`] = `
.c0 {
  display: -webkit-box;
  display: -webkit-flex;
  display: -ms-flexbox;
  display: flex;
  -webkit-align-items: center;
  -webkit-box-align: center;
  -ms-flex-align: center;
  align-items: center;
  height: auto;
  margin: 1em 0;
}

<form
  className="c0"
/>
`;
