// Jest Snapshot v1, https://goo.gl/fbAQLP

exports[`<HomeGrid /> render 1`] = `
.c0 {
  display: grid;
  justify-items: center;
  grid: auto auto 1fr/ 1fr;
  -webkit-box-pack: center;
  -webkit-justify-content: center;
  -ms-flex-pack: center;
  justify-content: center;
  max-width: 1500px;
  -webkit-align-items: center;
  -webkit-box-align: center;
  -ms-flex-align: center;
  align-items: center;
  margin: auto;
  padding: 20px;
}

<div
  className="c0"
/>
`;
