// Jest Snapshot v1, https://goo.gl/fbAQLP

exports[`<GnomeListContainer /> render 1`] = `
.c0 {
  display: grid;
  grid-gap: 30px;
  padding-bottom: 30px;
  grid-template-columns: repeat(auto-fill,minmax(250px,1fr));
  grid-auto-rows: 160px;
  justify-self: stretch;
  -webkit-align-content: center;
  -ms-flex-line-pack: center;
  align-content: center;
}

<div
  className="c0"
/>
`;
